[0.224s] DEBUG:colcon:Command line arguments: ['/usr/bin/colcon', 'build', '--packages-select', 'omni_sim_ros', '--symlink-install']
[0.225s] DEBUG:colcon:Parsed command line arguments: Namespace(log_base=None, log_level=None, verb_name='build', build_base='build', install_base='install', merge_install=False, symlink_install=True, test_result_base=None, continue_on_error=False, executor='parallel', parallel_workers=16, event_handlers=None, ignore_user_meta=False, metas=['./colcon.meta'], base_paths=['.'], packages_ignore=None, packages_ignore_regex=None, paths=None, packages_up_to=None, packages_up_to_regex=None, packages_above=None, packages_above_and_dependencies=None, packages_above_depth=None, packages_select_by_dep=None, packages_skip_by_dep=None, packages_skip_up_to=None, packages_select_build_failed=False, packages_skip_build_finished=False, packages_select_test_failures=False, packages_skip_test_passed=False, packages_select=['omni_sim_ros'], packages_skip=None, packages_select_regex=None, packages_skip_regex=None, packages_start=None, packages_end=None, allow_overriding=[], cmake_args=None, cmake_target=None, cmake_target_skip_unavailable=False, cmake_clean_cache=False, cmake_clean_first=False, cmake_force_configure=False, ament_cmake_args=None, catkin_cmake_args=None, catkin_skip_building_tests=False, mixin_files=None, mixin=None, verb_parser=<colcon_mixin.mixin.mixin_argument.MixinArgumentDecorator object at 0x799d6538f830>, verb_extension=<colcon_core.verb.build.BuildVerb object at 0x799d654e02c0>, main=<bound method BuildVerb.main of <colcon_core.verb.build.BuildVerb object at 0x799d654e02c0>>, mixin_verb=('build',))
[0.312s] Level 1:colcon.colcon_core.package_discovery:discover_packages(colcon_meta) check parameters
[0.312s] Level 1:colcon.colcon_core.package_discovery:discover_packages(recursive) check parameters
[0.312s] Level 1:colcon.colcon_core.package_discovery:discover_packages(ignore) check parameters
[0.312s] Level 1:colcon.colcon_core.package_discovery:discover_packages(path) check parameters
[0.312s] Level 1:colcon.colcon_core.package_discovery:discover_packages(colcon_meta) discover
[0.312s] Level 1:colcon.colcon_core.package_discovery:discover_packages(recursive) discover
[0.313s] INFO:colcon.colcon_core.package_discovery:Crawling recursively for packages in '/home/ubuntu/robocon_sim/ros2_ws'
[0.313s] Level 1:colcon.colcon_core.package_identification:_identify(.) by extensions ['ignore', 'ignore_ament_install']
[0.313s] Level 1:colcon.colcon_core.package_identification:_identify(.) by extension 'ignore'
[0.313s] Level 1:colcon.colcon_core.package_identification:_identify(.) by extension 'ignore_ament_install'
[0.313s] Level 1:colcon.colcon_core.package_identification:_identify(.) by extensions ['colcon_pkg']
[0.313s] Level 1:colcon.colcon_core.package_identification:_identify(.) by extension 'colcon_pkg'
[0.313s] Level 1:colcon.colcon_core.package_identification:_identify(.) by extensions ['colcon_meta']
[0.313s] Level 1:colcon.colcon_core.package_identification:_identify(.) by extension 'colcon_meta'
[0.314s] Level 1:colcon.colcon_core.package_identification:_identify(.) by extensions ['ros']
[0.314s] Level 1:colcon.colcon_core.package_identification:_identify(.) by extension 'ros'
[0.371s] Level 1:colcon.colcon_core.package_identification:_identify(.) by extensions ['cmake', 'python']
[0.371s] Level 1:colcon.colcon_core.package_identification:_identify(.) by extension 'cmake'
[0.371s] Level 1:colcon.colcon_core.package_identification:_identify(.) by extension 'python'
[0.371s] Level 1:colcon.colcon_core.package_identification:_identify(.) by extensions ['python_setup_py']
[0.371s] Level 1:colcon.colcon_core.package_identification:_identify(.) by extension 'python_setup_py'
[0.372s] Level 1:colcon.colcon_core.package_identification:_identify(build) by extensions ['ignore', 'ignore_ament_install']
[0.372s] Level 1:colcon.colcon_core.package_identification:_identify(build) by extension 'ignore'
[0.372s] Level 1:colcon.colcon_core.package_identification:_identify(build) ignored
[0.372s] Level 1:colcon.colcon_core.package_identification:_identify(install) by extensions ['ignore', 'ignore_ament_install']
[0.372s] Level 1:colcon.colcon_core.package_identification:_identify(install) by extension 'ignore'
[0.372s] Level 1:colcon.colcon_core.package_identification:_identify(install) ignored
[0.373s] Level 1:colcon.colcon_core.package_identification:_identify(log) by extensions ['ignore', 'ignore_ament_install']
[0.373s] Level 1:colcon.colcon_core.package_identification:_identify(log) by extension 'ignore'
[0.373s] Level 1:colcon.colcon_core.package_identification:_identify(log) ignored
[0.373s] Level 1:colcon.colcon_core.package_identification:_identify(src) by extensions ['ignore', 'ignore_ament_install']
[0.373s] Level 1:colcon.colcon_core.package_identification:_identify(src) by extension 'ignore'
[0.373s] Level 1:colcon.colcon_core.package_identification:_identify(src) by extension 'ignore_ament_install'
[0.373s] Level 1:colcon.colcon_core.package_identification:_identify(src) by extensions ['colcon_pkg']
[0.373s] Level 1:colcon.colcon_core.package_identification:_identify(src) by extension 'colcon_pkg'
[0.373s] Level 1:colcon.colcon_core.package_identification:_identify(src) by extensions ['colcon_meta']
[0.374s] Level 1:colcon.colcon_core.package_identification:_identify(src) by extension 'colcon_meta'
[0.374s] Level 1:colcon.colcon_core.package_identification:_identify(src) by extensions ['ros']
[0.374s] Level 1:colcon.colcon_core.package_identification:_identify(src) by extension 'ros'
[0.374s] Level 1:colcon.colcon_core.package_identification:_identify(src) by extensions ['cmake', 'python']
[0.374s] Level 1:colcon.colcon_core.package_identification:_identify(src) by extension 'cmake'
[0.374s] Level 1:colcon.colcon_core.package_identification:_identify(src) by extension 'python'
[0.374s] Level 1:colcon.colcon_core.package_identification:_identify(src) by extensions ['python_setup_py']
[0.374s] Level 1:colcon.colcon_core.package_identification:_identify(src) by extension 'python_setup_py'
[0.374s] Level 1:colcon.colcon_core.package_identification:_identify(src/omni_sim_ros) by extensions ['ignore', 'ignore_ament_install']
[0.374s] Level 1:colcon.colcon_core.package_identification:_identify(src/omni_sim_ros) by extension 'ignore'
[0.374s] Level 1:colcon.colcon_core.package_identification:_identify(src/omni_sim_ros) by extension 'ignore_ament_install'
[0.375s] Level 1:colcon.colcon_core.package_identification:_identify(src/omni_sim_ros) by extensions ['colcon_pkg']
[0.375s] Level 1:colcon.colcon_core.package_identification:_identify(src/omni_sim_ros) by extension 'colcon_pkg'
[0.375s] Level 1:colcon.colcon_core.package_identification:_identify(src/omni_sim_ros) by extensions ['colcon_meta']
[0.375s] Level 1:colcon.colcon_core.package_identification:_identify(src/omni_sim_ros) by extension 'colcon_meta'
[0.375s] Level 1:colcon.colcon_core.package_identification:_identify(src/omni_sim_ros) by extensions ['ros']
[0.375s] Level 1:colcon.colcon_core.package_identification:_identify(src/omni_sim_ros) by extension 'ros'
[0.380s] DEBUG:colcon.colcon_core.package_identification:Package 'src/omni_sim_ros' with type 'ros.ament_python' and name 'omni_sim_ros'
[0.380s] Level 1:colcon.colcon_core.package_discovery:discover_packages(recursive) using defaults
[0.380s] Level 1:colcon.colcon_core.package_discovery:discover_packages(ignore) discover
[0.380s] Level 1:colcon.colcon_core.package_discovery:discover_packages(ignore) using defaults
[0.380s] Level 1:colcon.colcon_core.package_discovery:discover_packages(path) discover
[0.380s] Level 1:colcon.colcon_core.package_discovery:discover_packages(path) using defaults
[0.422s] Level 1:colcon.colcon_core.package_discovery:discover_packages(prefix_path) check parameters
[0.422s] Level 1:colcon.colcon_core.package_discovery:discover_packages(prefix_path) discover
[0.430s] DEBUG:colcon.colcon_installed_package_information.package_discovery:Found 17 installed packages in /home/ubuntu/Natsurobo2026/install
[0.432s] DEBUG:colcon.colcon_installed_package_information.package_discovery:Found 26 installed packages in /home/ubuntu/rrst-ros2-ws-nr26/install
[0.434s] DEBUG:colcon.colcon_installed_package_information.package_discovery:Found 4 installed packages in /home/ubuntu/ros2_ws/install
[0.437s] DEBUG:colcon.colcon_installed_package_information.package_discovery:Found 309 installed packages in /opt/ros/jazzy
[0.441s] Level 1:colcon.colcon_core.package_discovery:discover_packages(prefix_path) using defaults
[0.536s] Level 5:colcon.colcon_core.verb:set package 'omni_sim_ros' build argument 'cmake_args' from command line to 'None'
[0.536s] Level 5:colcon.colcon_core.verb:set package 'omni_sim_ros' build argument 'cmake_target' from command line to 'None'
[0.536s] Level 5:colcon.colcon_core.verb:set package 'omni_sim_ros' build argument 'cmake_target_skip_unavailable' from command line to 'False'
[0.537s] Level 5:colcon.colcon_core.verb:set package 'omni_sim_ros' build argument 'cmake_clean_cache' from command line to 'False'
[0.537s] Level 5:colcon.colcon_core.verb:set package 'omni_sim_ros' build argument 'cmake_clean_first' from command line to 'False'
[0.537s] Level 5:colcon.colcon_core.verb:set package 'omni_sim_ros' build argument 'cmake_force_configure' from command line to 'False'
[0.537s] Level 5:colcon.colcon_core.verb:set package 'omni_sim_ros' build argument 'ament_cmake_args' from command line to 'None'
[0.537s] Level 5:colcon.colcon_core.verb:set package 'omni_sim_ros' build argument 'catkin_cmake_args' from command line to 'None'
[0.537s] Level 5:colcon.colcon_core.verb:set package 'omni_sim_ros' build argument 'catkin_skip_building_tests' from command line to 'False'
[0.537s] DEBUG:colcon.colcon_core.verb:Building package 'omni_sim_ros' with the following arguments: {'ament_cmake_args': None, 'build_base': '/home/ubuntu/robocon_sim/ros2_ws/build/omni_sim_ros', 'catkin_cmake_args': None, 'catkin_skip_building_tests': False, 'cmake_args': None, 'cmake_clean_cache': False, 'cmake_clean_first': False, 'cmake_force_configure': False, 'cmake_target': None, 'cmake_target_skip_unavailable': False, 'install_base': '/home/ubuntu/robocon_sim/ros2_ws/install/omni_sim_ros', 'merge_install': False, 'path': '/home/ubuntu/robocon_sim/ros2_ws/src/omni_sim_ros', 'symlink_install': True, 'test_result_base': None}
[0.537s] INFO:colcon.colcon_core.executor:Executing jobs using 'parallel' executor
[0.539s] DEBUG:colcon.colcon_parallel_executor.executor.parallel:run_until_complete
[0.539s] INFO:colcon.colcon_ros.task.ament_python.build:Building ROS package in '/home/ubuntu/robocon_sim/ros2_ws/src/omni_sim_ros' with build type 'ament_python'
[0.540s] Level 1:colcon.colcon_core.shell:create_environment_hook('omni_sim_ros', 'ament_prefix_path')
[0.543s] INFO:colcon.colcon_core.plugin_system:Skipping extension 'colcon_core.shell.bat': Not used on non-Windows systems
[0.544s] INFO:colcon.colcon_core.shell:Creating environment hook '/home/ubuntu/robocon_sim/ros2_ws/install/omni_sim_ros/share/omni_sim_ros/hook/ament_prefix_path.ps1'
[0.545s] INFO:colcon.colcon_core.shell:Creating environment descriptor '/home/ubuntu/robocon_sim/ros2_ws/install/omni_sim_ros/share/omni_sim_ros/hook/ament_prefix_path.dsv'
[0.546s] INFO:colcon.colcon_core.shell:Creating environment hook '/home/ubuntu/robocon_sim/ros2_ws/install/omni_sim_ros/share/omni_sim_ros/hook/ament_prefix_path.sh'
[0.547s] INFO:colcon.colcon_core.shell:Skip shell extension 'powershell' for command environment: Not usable outside of PowerShell
[0.547s] DEBUG:colcon.colcon_core.shell:Skip shell extension 'dsv' for command environment
[0.997s] INFO:colcon.colcon_core.task.python.build:Building Python package in '/home/ubuntu/robocon_sim/ros2_ws/src/omni_sim_ros'
[0.997s] INFO:colcon.colcon_core.shell:Skip shell extension 'powershell' for command environment: Not usable outside of PowerShell
[0.997s] DEBUG:colcon.colcon_core.shell:Skip shell extension 'dsv' for command environment
[2.152s] DEBUG:colcon.colcon_core.event_handler.log_command:Invoking command in '/home/ubuntu/robocon_sim/ros2_ws/build/omni_sim_ros': DEBUGINFOD_URLS=https://debuginfod.ubuntu.com PYTHONPATH=/home/ubuntu/robocon_sim/ros2_ws/build/omni_sim_ros/prefix_override:/usr/lib/python3/dist-packages/colcon_core/task/python/colcon_distutils_commands:/home/ubuntu/robocon_sim/ros2_ws/install/omni_sim_ros/lib/python3.12/site-packages:${PYTHONPATH} /usr/bin/python3 -W ignore:setup.py install is deprecated -W ignore:easy_install command is deprecated setup.py develop --editable --build-directory /home/ubuntu/robocon_sim/ros2_ws/build/omni_sim_ros/build --no-deps symlink_data
[3.361s] Level 1:colcon.colcon_core.shell:create_environment_hook('omni_sim_ros', 'pythonpath_develop')
[3.362s] INFO:colcon.colcon_core.shell:Creating environment hook '/home/ubuntu/robocon_sim/ros2_ws/build/omni_sim_ros/share/omni_sim_ros/hook/pythonpath_develop.ps1'
[3.363s] DEBUG:colcon.colcon_core.event_handler.log_command:Invoked command in '/home/ubuntu/robocon_sim/ros2_ws/build/omni_sim_ros' returned '0': DEBUGINFOD_URLS=https://debuginfod.ubuntu.com PYTHONPATH=/home/ubuntu/robocon_sim/ros2_ws/build/omni_sim_ros/prefix_override:/usr/lib/python3/dist-packages/colcon_core/task/python/colcon_distutils_commands:/home/ubuntu/robocon_sim/ros2_ws/install/omni_sim_ros/lib/python3.12/site-packages:${PYTHONPATH} /usr/bin/python3 -W ignore:setup.py install is deprecated -W ignore:easy_install command is deprecated setup.py develop --editable --build-directory /home/ubuntu/robocon_sim/ros2_ws/build/omni_sim_ros/build --no-deps symlink_data
[3.364s] INFO:colcon.colcon_core.shell:Creating environment descriptor '/home/ubuntu/robocon_sim/ros2_ws/build/omni_sim_ros/share/omni_sim_ros/hook/pythonpath_develop.dsv'
[3.364s] INFO:colcon.colcon_core.shell:Creating environment hook '/home/ubuntu/robocon_sim/ros2_ws/build/omni_sim_ros/share/omni_sim_ros/hook/pythonpath_develop.sh'
[3.369s] Level 1:colcon.colcon_core.environment:checking '/home/ubuntu/robocon_sim/ros2_ws/install/omni_sim_ros' for CMake module files
[3.370s] Level 1:colcon.colcon_core.environment:checking '/home/ubuntu/robocon_sim/ros2_ws/install/omni_sim_ros' for CMake config files
[3.371s] Level 1:colcon.colcon_core.environment:checking '/home/ubuntu/robocon_sim/ros2_ws/install/omni_sim_ros/lib'
[3.372s] Level 1:colcon.colcon_core.environment:checking '/home/ubuntu/robocon_sim/ros2_ws/install/omni_sim_ros/bin'
[3.372s] Level 1:colcon.colcon_core.shell:create_environment_hook('omni_sim_ros', 'path')
[3.372s] INFO:colcon.colcon_core.shell:Creating environment hook '/home/ubuntu/robocon_sim/ros2_ws/install/omni_sim_ros/share/omni_sim_ros/hook/path.ps1'
[3.373s] INFO:colcon.colcon_core.shell:Creating environment descriptor '/home/ubuntu/robocon_sim/ros2_ws/install/omni_sim_ros/share/omni_sim_ros/hook/path.dsv'
[3.374s] INFO:colcon.colcon_core.shell:Creating environment hook '/home/ubuntu/robocon_sim/ros2_ws/install/omni_sim_ros/share/omni_sim_ros/hook/path.sh'
[3.374s] Level 1:colcon.colcon_core.environment:checking '/home/ubuntu/robocon_sim/ros2_ws/install/omni_sim_ros/lib/pkgconfig/omni_sim_ros.pc'
[3.375s] Level 1:colcon.colcon_core.environment:checking '/home/ubuntu/robocon_sim/ros2_ws/install/omni_sim_ros/lib/python3.12/site-packages'
[3.375s] Level 1:colcon.colcon_core.shell:create_environment_hook('omni_sim_ros', 'pythonpath')
[3.375s] INFO:colcon.colcon_core.shell:Creating environment hook '/home/ubuntu/robocon_sim/ros2_ws/install/omni_sim_ros/share/omni_sim_ros/hook/pythonpath.ps1'
[3.376s] INFO:colcon.colcon_core.shell:Creating environment descriptor '/home/ubuntu/robocon_sim/ros2_ws/install/omni_sim_ros/share/omni_sim_ros/hook/pythonpath.dsv'
[3.377s] INFO:colcon.colcon_core.shell:Creating environment hook '/home/ubuntu/robocon_sim/ros2_ws/install/omni_sim_ros/share/omni_sim_ros/hook/pythonpath.sh'
[3.378s] Level 1:colcon.colcon_core.environment:checking '/home/ubuntu/robocon_sim/ros2_ws/install/omni_sim_ros/bin'
[3.378s] Level 1:colcon.colcon_core.shell:create_environment_hook('omni_sim_ros', 'pythonscriptspath')
[3.378s] INFO:colcon.colcon_core.shell:Creating environment hook '/home/ubuntu/robocon_sim/ros2_ws/install/omni_sim_ros/share/omni_sim_ros/hook/pythonscriptspath.ps1'
[3.379s] INFO:colcon.colcon_core.shell:Creating environment descriptor '/home/ubuntu/robocon_sim/ros2_ws/install/omni_sim_ros/share/omni_sim_ros/hook/pythonscriptspath.dsv'
[3.380s] INFO:colcon.colcon_core.shell:Creating environment hook '/home/ubuntu/robocon_sim/ros2_ws/install/omni_sim_ros/share/omni_sim_ros/hook/pythonscriptspath.sh'
[3.380s] Level 1:colcon.colcon_core.environment:create_environment_scripts_only(omni_sim_ros)
[3.381s] INFO:colcon.colcon_core.shell:Creating package script '/home/ubuntu/robocon_sim/ros2_ws/install/omni_sim_ros/share/omni_sim_ros/package.ps1'
[3.383s] INFO:colcon.colcon_core.shell:Creating package descriptor '/home/ubuntu/robocon_sim/ros2_ws/install/omni_sim_ros/share/omni_sim_ros/package.dsv'
[3.384s] INFO:colcon.colcon_core.shell:Creating package script '/home/ubuntu/robocon_sim/ros2_ws/install/omni_sim_ros/share/omni_sim_ros/package.sh'
[3.385s] INFO:colcon.colcon_core.shell:Creating package script '/home/ubuntu/robocon_sim/ros2_ws/install/omni_sim_ros/share/omni_sim_ros/package.bash'
[3.386s] INFO:colcon.colcon_core.shell:Creating package script '/home/ubuntu/robocon_sim/ros2_ws/install/omni_sim_ros/share/omni_sim_ros/package.zsh'
[3.388s] Level 1:colcon.colcon_core.environment:create_file_with_runtime_dependencies(/home/ubuntu/robocon_sim/ros2_ws/install/omni_sim_ros/share/colcon-core/packages/omni_sim_ros)
[3.388s] DEBUG:colcon.colcon_parallel_executor.executor.parallel:closing loop
[3.389s] DEBUG:colcon.colcon_parallel_executor.executor.parallel:loop closed
[3.389s] DEBUG:colcon.colcon_parallel_executor.executor.parallel:run_until_complete finished with '0'
[3.389s] DEBUG:colcon.colcon_core.event_reactor:joining thread
[3.399s] INFO:colcon.colcon_core.plugin_system:Skipping extension 'colcon_notification.desktop_notification.terminal_notifier': Not used on non-Darwin systems
[3.399s] INFO:colcon.colcon_core.plugin_system:Skipping extension 'colcon_notification.desktop_notification.win32': Not used on non-Windows systems
[3.399s] INFO:colcon.colcon_notification.desktop_notification:Sending desktop notification using 'notify2'
[3.427s] DEBUG:colcon.colcon_core.event_reactor:joined thread
[3.427s] INFO:colcon.colcon_core.shell:Creating prefix script '/home/ubuntu/robocon_sim/ros2_ws/install/local_setup.ps1'
[3.429s] INFO:colcon.colcon_core.shell:Creating prefix util module '/home/ubuntu/robocon_sim/ros2_ws/install/_local_setup_util_ps1.py'
[3.432s] INFO:colcon.colcon_core.shell:Creating prefix chain script '/home/ubuntu/robocon_sim/ros2_ws/install/setup.ps1'
[3.438s] INFO:colcon.colcon_core.shell:Creating prefix script '/home/ubuntu/robocon_sim/ros2_ws/install/local_setup.sh'
[3.439s] INFO:colcon.colcon_core.shell:Creating prefix util module '/home/ubuntu/robocon_sim/ros2_ws/install/_local_setup_util_sh.py'
[3.440s] INFO:colcon.colcon_core.shell:Creating prefix chain script '/home/ubuntu/robocon_sim/ros2_ws/install/setup.sh'
[3.445s] INFO:colcon.colcon_core.shell:Creating prefix script '/home/ubuntu/robocon_sim/ros2_ws/install/local_setup.bash'
[3.446s] INFO:colcon.colcon_core.shell:Creating prefix chain script '/home/ubuntu/robocon_sim/ros2_ws/install/setup.bash'
[3.451s] INFO:colcon.colcon_core.shell:Creating prefix script '/home/ubuntu/robocon_sim/ros2_ws/install/local_setup.zsh'
[3.452s] INFO:colcon.colcon_core.shell:Creating prefix chain script '/home/ubuntu/robocon_sim/ros2_ws/install/setup.zsh'
